[      74ms] [INFO] %cDownload the React DevTools for a better development experience: https://react.dev/link/react-devtools font-weight:bold @ http://localhost:3000/_next/static/chunks/1z6v_next_dist_1rc46pd._.js:776
[      98ms] [VERBOSE] [DOM] Password field is not contained in a form: (More info: https://goo.gl/9p2vKq) %o @ http://localhost:3000/en/environment/:0
[     107ms] [LOG] [HMR] connected @ http://localhost:3000/_next/static/chunks/1z6v_next_dist_1rc46pd._.js:776
[     690ms] [WARNING] THREE.Clock: This module has been deprecated. Please use THREE.Timer instead. @ http://localhost:3000/_next/static/chunks/1z6v_next_dist_1rc46pd._.js:776
[    3363ms] [WARNING] The resource http://localhost:3000/_next/static/media/symbols_nerd-s.p.1v-p-lg6vc8kw.woff2 was preloaded using link preload but not used within a few seconds from the window's load event. Please make sure it has an appropriate `as` value and it is preloaded intentionally. @ http://localhost:3000/en/environment/:0
[  116717ms] [ERROR] ./components/niri/environment-view.tsx:815:27
Error: Expression expected
Parsing ecmascript source code failed

Import trace:
  Server Component:
    ./components/niri/environment-view.tsx
    ./app/[lang]/environment/page.tsx @ http://localhost:3000/_next/static/chunks/1z6v_next_dist_1rc46pd._.js:1052
[  116717ms] [ERROR] ./components/niri/environment-view.tsx:815:28
Error: Unterminated regexp literal
Parsing ecmascript source code failed

Import trace:
  Server Component:
    ./components/niri/environment-view.tsx
    ./app/[lang]/environment/page.tsx @ http://localhost:3000/_next/static/chunks/1z6v_next_dist_1rc46pd._.js:1052
[  116753ms] [LOG] [Fast Refresh] rebuilding @ http://localhost:3000/_next/static/chunks/1z6v_next_dist_1rc46pd._.js:776
[  126184ms] [ERROR] ./components/niri/environment-view.tsx:815:27
Error: Expression expected
Parsing ecmascript source code failed

Import trace:
  Server Component:
    ./components/niri/environment-view.tsx
    ./app/[lang]/environment/page.tsx @ http://localhost:3000/_next/static/chunks/1z6v_next_dist_1rc46pd._.js:1052
[  126184ms] [ERROR] ./components/niri/environment-view.tsx:815:28
Error: Unterminated regexp literal
Parsing ecmascript source code failed

Import trace:
  Server Component:
    ./components/niri/environment-view.tsx
    ./app/[lang]/environment/page.tsx @ http://localhost:3000/_next/static/chunks/1z6v_next_dist_1rc46pd._.js:1052
[  126285ms] [LOG] [Fast Refresh] rebuilding @ http://localhost:3000/_next/static/chunks/1z6v_next_dist_1rc46pd._.js:776
[  126413ms] [ERROR] ./components/niri/environment-view.tsx:815:27
Error: Expression expected
Parsing ecmascript source code failed

Import trace:
  Server Component:
    ./components/niri/environment-view.tsx
    ./app/[lang]/environment/page.tsx @ http://localhost:3000/_next/static/chunks/1z6v_next_dist_1rc46pd._.js:1052
[  126413ms] [ERROR] ./components/niri/environment-view.tsx:815:28
Error: Unterminated regexp literal
Parsing ecmascript source code failed

Import trace:
  Server Component:
    ./components/niri/environment-view.tsx
    ./app/[lang]/environment/page.tsx @ http://localhost:3000/_next/static/chunks/1z6v_next_dist_1rc46pd._.js:1052
[  126514ms] [LOG] [Fast Refresh] rebuilding @ http://localhost:3000/_next/static/chunks/1z6v_next_dist_1rc46pd._.js:776
[  126603ms] [ERROR] ./components/niri/environment-view.tsx:815:27
Error: Expression expected
Parsing ecmascript source code failed

Import trace:
  Server Component:
    ./components/niri/environment-view.tsx
    ./app/[lang]/environment/page.tsx @ http://localhost:3000/_next/static/chunks/1z6v_next_dist_1rc46pd._.js:1052
[  126603ms] [ERROR] ./components/niri/environment-view.tsx:815:28
Error: Unterminated regexp literal
Parsing ecmascript source code failed

Import trace:
  Server Component:
    ./components/niri/environment-view.tsx
    ./app/[lang]/environment/page.tsx @ http://localhost:3000/_next/static/chunks/1z6v_next_dist_1rc46pd._.js:1052
[  126746ms] [ERROR] ./components/niri/environment-view.tsx:815:27
Error: Expression expected
Parsing ecmascript source code failed

Import trace:
  Server Component:
    ./components/niri/environment-view.tsx
    ./app/[lang]/environment/page.tsx @ http://localhost:3000/_next/static/chunks/1z6v_next_dist_1rc46pd._.js:1052
[  126746ms] [ERROR] ./components/niri/environment-view.tsx:815:28
Error: Unterminated regexp literal
Parsing ecmascript source code failed

Import trace:
  Server Component:
    ./components/niri/environment-view.tsx
    ./app/[lang]/environment/page.tsx @ http://localhost:3000/_next/static/chunks/1z6v_next_dist_1rc46pd._.js:1052
[  126804ms] [LOG] [Fast Refresh] rebuilding @ http://localhost:3000/_next/static/chunks/1z6v_next_dist_1rc46pd._.js:776
[  170789ms] [ERROR] ./components/niri/environment-view.tsx:815:27
Error: Expression expected
Parsing ecmascript source code failed

Import trace:
  Server Component:
    ./components/niri/environment-view.tsx
    ./app/[lang]/environment/page.tsx @ http://localhost:3000/_next/static/chunks/1z6v_next_dist_1rc46pd._.js:1052
[  170789ms] [ERROR] ./components/niri/environment-view.tsx:815:28
Error: Unterminated regexp literal
Parsing ecmascript source code failed

Import trace:
  Server Component:
    ./components/niri/environment-view.tsx
    ./app/[lang]/environment/page.tsx @ http://localhost:3000/_next/static/chunks/1z6v_next_dist_1rc46pd._.js:1052
[  170861ms] [ERROR] ./components/niri/environment-view.tsx:815:27
Error: Expression expected
Parsing ecmascript source code failed

Import trace:
  Server Component:
    ./components/niri/environment-view.tsx
    ./app/[lang]/environment/page.tsx @ http://localhost:3000/_next/static/chunks/1z6v_next_dist_1rc46pd._.js:1052
[  170861ms] [ERROR] ./components/niri/environment-view.tsx:815:28
Error: Unterminated regexp literal
Parsing ecmascript source code failed

Import trace:
  Server Component:
    ./components/niri/environment-view.tsx
    ./app/[lang]/environment/page.tsx @ http://localhost:3000/_next/static/chunks/1z6v_next_dist_1rc46pd._.js:1052
[  170928ms] [LOG] [Fast Refresh] rebuilding @ http://localhost:3000/_next/static/chunks/1z6v_next_dist_1rc46pd._.js:776
[  202702ms] [LOG] [Fast Refresh] rebuilding @ http://localhost:3000/_next/static/chunks/1z6v_next_dist_1rc46pd._.js:776
[  202743ms] [LOG] [Fast Refresh] done in 67ms @ http://localhost:3000/_next/static/chunks/1z6v_next_dist_1rc46pd._.js:776
