[      81ms] [VERBOSE] [DOM] Password field is not contained in a form: (More info: https://goo.gl/9p2vKq) %o @ http://localhost:3000/en/environment/:0
[      86ms] [INFO] %cDownload the React DevTools for a better development experience: https://react.dev/link/react-devtools font-weight:bold @ http://localhost:3000/_next/static/chunks/1z6v_next_dist_1rc46pd._.js:776
[      96ms] [LOG] [HMR] connected @ http://localhost:3000/_next/static/chunks/1z6v_next_dist_1rc46pd._.js:776
[     643ms] [WARNING] THREE.Clock: This module has been deprecated. Please use THREE.Timer instead. @ http://localhost:3000/_next/static/chunks/1z6v_next_dist_1rc46pd._.js:776
[    3320ms] [WARNING] The resource http://localhost:3000/_next/static/media/6beed150a745887e-s.p.2eanmhcy0knut.woff2 was preloaded using link preload but not used within a few seconds from the window's load event. Please make sure it has an appropriate `as` value and it is preloaded intentionally. @ http://localhost:3000/en/environment/:0
[    3320ms] [WARNING] The resource http://localhost:3000/_next/static/media/symbols_nerd-s.p.1v-p-lg6vc8kw.woff2 was preloaded using link preload but not used within a few seconds from the window's load event. Please make sure it has an appropriate `as` value and it is preloaded intentionally. @ http://localhost:3000/en/environment/:0
[    3320ms] [WARNING] The resource http://localhost:3000/_next/static/media/caa3a2e1cccd8315-s.p.0wgildi0cnwt9.woff2 was preloaded using link preload but not used within a few seconds from the window's load event. Please make sure it has an appropriate `as` value and it is preloaded intentionally. @ http://localhost:3000/en/environment/:0
[  271057ms] [WARNING] The resource http://localhost:3000/_next/static/media/6beed150a745887e-s.p.2eanmhcy0knut.woff2 was preloaded using link preload but not used within a few seconds from the window's load event. Please make sure it has an appropriate `as` value and it is preloaded intentionally. @ http://localhost:3000/en/environment/:0
[  271057ms] [WARNING] The resource http://localhost:3000/_next/static/media/caa3a2e1cccd8315-s.p.0wgildi0cnwt9.woff2 was preloaded using link preload but not used within a few seconds from the window's load event. Please make sure it has an appropriate `as` value and it is preloaded intentionally. @ http://localhost:3000/en/environment/:0
[  307512ms] [WARNING] The resource http://localhost:3000/_next/static/media/6beed150a745887e-s.p.2eanmhcy0knut.woff2 was preloaded using link preload but not used within a few seconds from the window's load event. Please make sure it has an appropriate `as` value and it is preloaded intentionally. @ http://localhost:3000/en/environment/:0
[  307512ms] [WARNING] The resource http://localhost:3000/_next/static/media/caa3a2e1cccd8315-s.p.0wgildi0cnwt9.woff2 was preloaded using link preload but not used within a few seconds from the window's load event. Please make sure it has an appropriate `as` value and it is preloaded intentionally. @ http://localhost:3000/en/environment/:0
[  310229ms] [VERBOSE] [DOM] Password field is not contained in a form: (More info: https://goo.gl/9p2vKq) %o @ http://localhost:3000/en/environment/:0
[  310253ms] [INFO] %cDownload the React DevTools for a better development experience: https://react.dev/link/react-devtools font-weight:bold @ http://localhost:3000/_next/static/chunks/1z6v_next_dist_1rc46pd._.js:776
[  310287ms] [LOG] [HMR] connected @ http://localhost:3000/_next/static/chunks/1z6v_next_dist_1rc46pd._.js:776
[  310888ms] [WARNING] THREE.Clock: This module has been deprecated. Please use THREE.Timer instead. @ http://localhost:3000/_next/static/chunks/1z6v_next_dist_1rc46pd._.js:776
[  402823ms] [LOG] [Fast Refresh] rebuilding @ http://localhost:3000/_next/static/chunks/1z6v_next_dist_1rc46pd._.js:776
[  402862ms] [LOG] [Fast Refresh] done in 43ms @ http://localhost:3000/_next/static/chunks/1z6v_next_dist_1rc46pd._.js:776
[  414219ms] [LOG] [Fast Refresh] rebuilding @ http://localhost:3000/_next/static/chunks/1z6v_next_dist_1rc46pd._.js:776
[  414255ms] [LOG] [Fast Refresh] done in 50ms @ http://localhost:3000/_next/static/chunks/1z6v_next_dist_1rc46pd._.js:776
[  465400ms] [LOG] [Fast Refresh] rebuilding @ http://localhost:3000/_next/static/chunks/1z6v_next_dist_1rc46pd._.js:776
[  465426ms] [LOG] [Fast Refresh] done in 49ms @ http://localhost:3000/_next/static/chunks/1z6v_next_dist_1rc46pd._.js:776
[  617151ms] [LOG] [Fast Refresh] rebuilding @ http://localhost:3000/_next/static/chunks/1z6v_next_dist_1rc46pd._.js:776
[  617187ms] [LOG] [Fast Refresh] done in 51ms @ http://localhost:3000/_next/static/chunks/1z6v_next_dist_1rc46pd._.js:776
[  619957ms] [LOG] [Fast Refresh] rebuilding @ http://localhost:3000/_next/static/chunks/1z6v_next_dist_1rc46pd._.js:776
[  619986ms] [LOG] [Fast Refresh] done in 50ms @ http://localhost:3000/_next/static/chunks/1z6v_next_dist_1rc46pd._.js:776
