[      61ms] [VERBOSE] [DOM] Password field is not contained in a form: (More info: https://goo.gl/9p2vKq) %o @ http://localhost:3000/en/environment/:0
[      65ms] [INFO] %cDownload the React DevTools for a better development experience: https://react.dev/link/react-devtools font-weight:bold @ http://localhost:3000/_next/static/chunks/1z6v_next_dist_1rc46pd._.js:776
[      75ms] [LOG] [HMR] connected @ http://localhost:3000/_next/static/chunks/1z6v_next_dist_1rc46pd._.js:776
[     619ms] [WARNING] THREE.Clock: This module has been deprecated. Please use THREE.Timer instead. @ http://localhost:3000/_next/static/chunks/1z6v_next_dist_1rc46pd._.js:776
[    3296ms] [WARNING] The resource http://localhost:3000/_next/static/media/symbols_nerd-s.p.1v-p-lg6vc8kw.woff2 was preloaded using link preload but not used within a few seconds from the window's load event. Please make sure it has an appropriate `as` value and it is preloaded intentionally. @ http://localhost:3000/en/environment/:0
[   74694ms] [LOG] [Fast Refresh] rebuilding @ http://localhost:3000/_next/static/chunks/1z6v_next_dist_1rc46pd._.js:776
[   74721ms] [LOG] [Fast Refresh] done in 39ms @ http://localhost:3000/_next/static/chunks/1z6v_next_dist_1rc46pd._.js:776
[  146520ms] [LOG] [Fast Refresh] rebuilding @ http://localhost:3000/_next/static/chunks/1z6v_next_dist_1rc46pd._.js:776
[  146547ms] [LOG] [Fast Refresh] done in 35ms @ http://localhost:3000/_next/static/chunks/1z6v_next_dist_1rc46pd._.js:776
[  328525ms] [ERROR] ./components/niri/login-screen.tsx:247:15
Error: Expected '</', got 'ident'
Parsing ecmascript source code failed

Import traces:
  Client Component Browser:
    ./components/niri/login-screen.tsx [Client Component Browser]
    ./components/niri/environment-view.tsx [Client Component Browser]
    ./components/niri/environment-view.tsx [Server Component]
    ./app/[lang]/environment/page.tsx [Server Component]

  Client Component SSR:
    ./components/niri/login-screen.tsx [Client Component SSR]
    ./components/niri/environment-view.tsx [Client Component SSR]
    ./components/niri/environment-view.tsx [Server Component]
    ./app/[lang]/environment/page.tsx [Server Component] @ http://localhost:3000/_next/static/chunks/1z6v_next_dist_1rc46pd._.js:1052
[  328560ms] [LOG] [Fast Refresh] rebuilding @ http://localhost:3000/_next/static/chunks/1z6v_next_dist_1rc46pd._.js:776
[  331534ms] [WARNING] The resource http://localhost:3000/_next/static/media/symbols_nerd-s.p.1v-p-lg6vc8kw.woff2 was preloaded using link preload but not used within a few seconds from the window's load event. Please make sure it has an appropriate `as` value and it is preloaded intentionally. @ http://localhost:3000/en/environment/:0
[  363281ms] [LOG] [Fast Refresh] rebuilding @ http://localhost:3000/_next/static/chunks/1z6v_next_dist_1rc46pd._.js:776
[  363340ms] [LOG] [Fast Refresh] done in 47ms @ http://localhost:3000/_next/static/chunks/1z6v_next_dist_1rc46pd._.js:776
[  365420ms] [LOG] [Fast Refresh] rebuilding @ http://localhost:3000/_next/static/chunks/1z6v_next_dist_1rc46pd._.js:776
[  365447ms] [LOG] [Fast Refresh] done in 41ms @ http://localhost:3000/_next/static/chunks/1z6v_next_dist_1rc46pd._.js:776
[  366328ms] [WARNING] The resource http://localhost:3000/_next/static/media/symbols_nerd-s.p.1v-p-lg6vc8kw.woff2 was preloaded using link preload but not used within a few seconds from the window's load event. Please make sure it has an appropriate `as` value and it is preloaded intentionally. @ http://localhost:3000/en/environment/:0
[  431427ms] [LOG] [Fast Refresh] rebuilding @ http://localhost:3000/_next/static/chunks/1z6v_next_dist_1rc46pd._.js:776
[  431455ms] [LOG] [Fast Refresh] done in 32ms @ http://localhost:3000/_next/static/chunks/1z6v_next_dist_1rc46pd._.js:776
