[     119ms] [VERBOSE] [DOM] Password field is not contained in a form: (More info: https://goo.gl/9p2vKq) %o @ http://localhost:3000/en/environment/:0
[     125ms] [INFO] %cDownload the React DevTools for a better development experience: https://react.dev/link/react-devtools font-weight:bold @ http://localhost:3000/_next/static/chunks/1z6v_next_dist_1rc46pd._.js:776
[     136ms] [LOG] [HMR] connected @ http://localhost:3000/_next/static/chunks/1z6v_next_dist_1rc46pd._.js:776
[     699ms] [WARNING] THREE.Clock: This module has been deprecated. Please use THREE.Timer instead. @ http://localhost:3000/_next/static/chunks/1z6v_next_dist_1rc46pd._.js:776
[   38119ms] [VERBOSE] [DOM] Password field is not contained in a form: (More info: https://goo.gl/9p2vKq) %o @ http://localhost:3000/en/environment/:0
[   38126ms] [INFO] %cDownload the React DevTools for a better development experience: https://react.dev/link/react-devtools font-weight:bold @ http://localhost:3000/_next/static/chunks/1z6v_next_dist_1rc46pd._.js:776
[   38137ms] [LOG] [HMR] connected @ http://localhost:3000/_next/static/chunks/1z6v_next_dist_1rc46pd._.js:776
[   38737ms] [WARNING] THREE.Clock: This module has been deprecated. Please use THREE.Timer instead. @ http://localhost:3000/_next/static/chunks/1z6v_next_dist_1rc46pd._.js:776
[   61619ms] [VERBOSE] [DOM] Password field is not contained in a form: (More info: https://goo.gl/9p2vKq) %o @ http://localhost:3000/en/environment/:0
[   61622ms] [INFO] %cDownload the React DevTools for a better development experience: https://react.dev/link/react-devtools font-weight:bold @ http://localhost:3000/_next/static/chunks/1z6v_next_dist_1rc46pd._.js:776
[   61632ms] [LOG] [HMR] connected @ http://localhost:3000/_next/static/chunks/1z6v_next_dist_1rc46pd._.js:776
[   62235ms] [WARNING] THREE.Clock: This module has been deprecated. Please use THREE.Timer instead. @ http://localhost:3000/_next/static/chunks/1z6v_next_dist_1rc46pd._.js:776
[   82781ms] [VERBOSE] [DOM] Password field is not contained in a form: (More info: https://goo.gl/9p2vKq) %o @ http://localhost:3000/en/environment/:0
[   82786ms] [INFO] %cDownload the React DevTools for a better development experience: https://react.dev/link/react-devtools font-weight:bold @ http://localhost:3000/_next/static/chunks/1z6v_next_dist_1rc46pd._.js:776
[   82795ms] [LOG] [HMR] connected @ http://localhost:3000/_next/static/chunks/1z6v_next_dist_1rc46pd._.js:776
[   83349ms] [WARNING] THREE.Clock: This module has been deprecated. Please use THREE.Timer instead. @ http://localhost:3000/_next/static/chunks/1z6v_next_dist_1rc46pd._.js:776
[   90471ms] [VERBOSE] [DOM] Password field is not contained in a form: (More info: https://goo.gl/9p2vKq) %o @ http://localhost:3000/en/environment/:0
[   90477ms] [INFO] %cDownload the React DevTools for a better development experience: https://react.dev/link/react-devtools font-weight:bold @ http://localhost:3000/_next/static/chunks/1z6v_next_dist_1rc46pd._.js:776
[   90484ms] [LOG] [HMR] connected @ http://localhost:3000/_next/static/chunks/1z6v_next_dist_1rc46pd._.js:776
[   91032ms] [WARNING] THREE.Clock: This module has been deprecated. Please use THREE.Timer instead. @ http://localhost:3000/_next/static/chunks/1z6v_next_dist_1rc46pd._.js:776
[  299401ms] [LOG] [Fast Refresh] rebuilding @ http://localhost:3000/_next/static/chunks/1z6v_next_dist_1rc46pd._.js:776
[  299409ms] [ERROR] The final argument passed to %s changed size between renders. The order and size of this array must remain constant.

Previous: %s
Incoming: %s useEffect [terminal, auto] [auto] @ http://localhost:3000/_next/static/chunks/1z6v_next_dist_1rc46pd._.js:1052
[  299444ms] [LOG] [Fast Refresh] done in 40ms @ http://localhost:3000/_next/static/chunks/1z6v_next_dist_1rc46pd._.js:776
[  357491ms] [LOG] [Fast Refresh] rebuilding @ http://localhost:3000/_next/static/chunks/1z6v_next_dist_1rc46pd._.js:776
[  357498ms] [ERROR] The final argument passed to %s changed size between renders. The order and size of this array must remain constant.

Previous: %s
Incoming: %s useEffect [auto] [terminal, auto] @ http://localhost:3000/_next/static/chunks/1z6v_next_dist_1rc46pd._.js:1052
[  357530ms] [LOG] [Fast Refresh] done in 41ms @ http://localhost:3000/_next/static/chunks/1z6v_next_dist_1rc46pd._.js:776
[  374681ms] [LOG] [Fast Refresh] rebuilding @ http://localhost:3000/_next/static/chunks/1z6v_next_dist_1rc46pd._.js:776
[  374853ms] [LOG] [Fast Refresh] done in 47ms @ http://localhost:3000/_next/static/chunks/1z6v_next_dist_1rc46pd._.js:776
[  374854ms] [VERBOSE] [DOM] Password field is not contained in a form: (More info: https://goo.gl/9p2vKq) %o @ http://localhost:3000/en/environment/:0
[  377193ms] [VERBOSE] [DOM] Password field is not contained in a form: (More info: https://goo.gl/9p2vKq) %o @ http://localhost:3000/en/environment/:0
[  377198ms] [INFO] %cDownload the React DevTools for a better development experience: https://react.dev/link/react-devtools font-weight:bold @ http://localhost:3000/_next/static/chunks/1z6v_next_dist_1rc46pd._.js:776
[  377208ms] [LOG] [HMR] connected @ http://localhost:3000/_next/static/chunks/1z6v_next_dist_1rc46pd._.js:776
[  377761ms] [WARNING] THREE.Clock: This module has been deprecated. Please use THREE.Timer instead. @ http://localhost:3000/_next/static/chunks/1z6v_next_dist_1rc46pd._.js:776
[  411694ms] [LOG] [Fast Refresh] rebuilding @ http://localhost:3000/_next/static/chunks/1z6v_next_dist_1rc46pd._.js:776
[  411746ms] [LOG] [Fast Refresh] done in 51ms @ http://localhost:3000/_next/static/chunks/1z6v_next_dist_1rc46pd._.js:776
[  553991ms] [LOG] [Fast Refresh] rebuilding @ http://localhost:3000/_next/static/chunks/1z6v_next_dist_1rc46pd._.js:776
[  554012ms] [LOG] [Fast Refresh] done in 42ms @ http://localhost:3000/_next/static/chunks/1z6v_next_dist_1rc46pd._.js:776
[  594336ms] [LOG] [Fast Refresh] rebuilding @ http://localhost:3000/_next/static/chunks/1z6v_next_dist_1rc46pd._.js:776
[  594361ms] [LOG] [Fast Refresh] done in 42ms @ http://localhost:3000/_next/static/chunks/1z6v_next_dist_1rc46pd._.js:776
